=====================================================
VERIFICA SERVER E TEST
=====================================================

Verifica server in esecuzione...
[OK] Server Ã¨ in esecuzione sulla porta 8765

Esecuzione test PowerShell...


====================================================
TEST AUTOMATICO - SCRIPTPDF1 MONITOR SECONDARIO

Questo script valida:
  - Connessione al server
  - Rilevamento monitor
  - Elenco file PDF
  - Apertura PDF su monitor secondario
  - Risorse di sistema

====================================================

===================================================
TEST 1: CONNESSIONE AL SERVER
===================================================
[OK] Server raggiungibile a http://localhost:8765
     Status Code: 200

===================================================
TEST 2: RILEVAMENTO MONITOR
===================================================
[OK] Rilevamento monitor completato

MONITOR PRIMARIO:
   Posizione: X=0, Y=0
   Dimensioni: 1920x1080

MONITOR SECONDARIO:
   Posizione: X=1920, Y=0
   Dimensioni: 1920x1080

[OK] Configurazione monitor corretta!

===================================================
TEST 3: ELENCO PDF DISPONIBILI
===================================================
[OK] Trovati 2 file PDF:
   [PDF] whiskey-wiggle-p.pdf (0.07 MB)
   [PDF] whiskey.pdf (0.06 MB)

===================================================
TEST 4: APERTURA PDF SUL MONITOR SECONDARIO
===================================================
[OK] PDF aperto con successo!
    File: whiskey-wiggle-p.pdf
    PID Chrome: 22900

FINESTRA APERTA SU:
   Posizione: X=1920, Y=0
   Dimensioni: 1920x1080

[OK] Chrome posizionato correttamente!
    La finestra dovrebbe essere sul monitor secondario

PROSSIMI STEP:
   1. Guarda il monitor secondario per il PDF
   2. Se vedi il PDF, il sistema funziona correttamente!
   3. Il monitor principale rimane disponibile

[ATTESA] Chrome rimane aperto per 10 secondi...
[OK] Chrome chiuso correttamente

===================================================
TEST 5: RISORSE DI SISTEMA
===================================================
[INFO] Processi Chrome attivi: 10
      Memoria totale: 681.93 MB
[OK] File PDF in C:\SCRIPT_PDF: 2

====================================================
RIEPILOGO TEST COMPLETATO
====================================================

[OK] COSA VERIFICARE MANUALMENTE:
   1. Apri http://localhost:8765/Prova/ScriptPDF1.html
   2. Seleziona un PDF dalla ComboBox
   3. Clicca i pulsanti 'Successivo' o 'Precedente'
   4. Chrome dovrebbe aprirsi sul monitor secondario
   5. La pagina rimane disponibile sul monitor principale

COORDINATE MONITOR:
   Se le coordinate sono diverse dal previsto,
   modifica il file pdf-server.js nella funzione
   getSecondaryMonitorInfo() alla riga ~50

DOMINADE FREQUENTI:
   D: Chrome si apre sul monitor sbagliato?
   R: Verifica le coordinate nel TEST 2
   
   D: Non vedo la pagina HTML?
   R: Node.js deve essere in esecuzione
   
   D: Voglio personalizzare il posizionamento?
   R: Vedi il file SCRIPTPDF1_MONITOR.txt

====================================================

[OK] Test completati!


=====================================================
TEST COMPLETATI
=====================================================

Prossimi step:
  1. Apri http://localhost:8765/Prova/test-scriptpdf1.html nel browser
  2. Verifica che tutti i test HTML passino
  3. Testa la funzionalita completa del progetto
